items=59 clusters=55 records=7357

=== swap_raw: per band / lens / alpha (all positions) ===
band             lens      a           ΔM mean [95% CI]  ΔM med    Δans   Δswap top1=swap  neither      KL    energy
primary_L8_20    J       0.5    +1.83 [ +1.36, +2.32]   +1.19   -0.06   +1.10      0.07     0.08    0.02      16.4
primary_L8_20    J       1.0    +2.47 [ +1.76, +3.23]   +1.44   -0.12   +1.25      0.10     0.10    0.04       367
primary_L8_20    J       2.0   +15.23 [ +7.42,+23.38]  +10.39  -62.15  -48.81      0.00     1.00   58.31  1.16e+13
primary_L8_20    J       4.0   +15.14 [ +7.21,+23.39]  +10.33  -63.70  -49.63      0.00     1.00   60.10  3.24e+22
primary_L8_20    R       0.5    +1.82 [ +1.34, +2.31]   +1.25   -0.06   +1.06      0.07     0.08    0.03      16.8
primary_L8_20    R       1.0    +2.38 [ +1.70, +3.09]   +1.50   -0.16   +1.31      0.08     0.10    0.05       288
primary_L8_20    R       2.0   +14.93 [ +6.56,+23.37]  +12.58  -65.49  -52.68      0.00     1.00   62.56  1.31e+13
primary_L8_20    R       4.0   +19.56 [+11.30,+27.61]  +15.63  -69.64  -52.10      0.00     1.00   65.91  4.14e+22
primary_L8_20    logit   0.5    +0.47 [ +0.36, +0.58]   +0.38   -0.01   +0.33      0.00     0.03    0.00      13.3
primary_L8_20    logit   1.0    +0.58 [ +0.43, +0.73]   +0.38   -0.02   +0.37      0.00     0.05    0.00       113
primary_L8_20    logit   2.0   +15.31 [ +7.62,+23.26]   +9.66  -75.70  -65.41      0.00     1.00   70.81  1.84e+12
primary_L8_20    logit   4.0   +11.67 [ +3.79,+19.64]   +9.69  -75.64  -65.66      0.00     1.00   70.77  1.08e+22
early_L3_8       J       0.5    +0.59 [ +0.42, +0.76]   +0.38   -0.01   +0.30      0.02     0.03    0.00      3.11
early_L3_8       J       1.0    +0.56 [ +0.40, +0.73]   +0.41   -0.02   +0.38      0.00     0.07    0.00      30.2
early_L3_8       J       2.0    +4.56 [ +2.79, +6.47]   +3.78  -10.38   -4.63      0.00     0.98    7.51  6.57e+05
early_L3_8       J       4.0    +5.28 [ +1.60, +9.00]   +3.84  -19.05  -14.19      0.00     0.98   16.45  4.74e+09
early_L3_8       R       0.5    +0.78 [ +0.57, +1.00]   +0.56   -0.01   +0.44      0.02     0.07    0.01      3.49
early_L3_8       R       1.0    +0.70 [ +0.48, +0.92]   +0.56   -0.03   +0.44      0.03     0.08    0.01      34.8
early_L3_8       R       2.0    +3.14 [ +1.22, +5.12]   +2.76   -8.10   -4.31      0.03     0.86    6.99   6.3e+05
early_L3_8       R       4.0    +1.19 [ -3.57, +6.09]   +2.14  -28.22  -28.75      0.00     0.98   27.27  9.74e+09
early_L3_8       logit   0.5    +0.10 [ +0.06, +0.14]   +0.06   -0.00   +0.06      0.00     0.00    0.00      2.11
early_L3_8       logit   1.0    +0.12 [ +0.07, +0.17]   +0.09   -0.00   +0.07      0.00     0.00    0.00      13.8
early_L3_8       logit   2.0    +2.87 [ +1.69, +4.13]   +1.56   -1.83   -0.21      0.05     0.66    1.23  5.09e+04
early_L3_8       logit   4.0    +1.79 [ -5.96, +9.49]   +1.88  -65.53  -64.94      0.00     0.98   63.26  3.52e+09

=== controls at alpha in (1.0, 2.0) ===
condition        band             lens      a           ΔM mean [95% CI] top1=swap    energy
swap_unit        primary_L8_20    J       1.0    +2.47 [ +1.76, +3.22]      0.12       352
swap_unit        primary_L8_20    J       2.0   +15.53 [ +7.73,+23.67]      0.00   1.2e+13
swap_unit        primary_L8_20    R       1.0    +2.37 [ +1.70, +3.08]      0.10       287
swap_unit        primary_L8_20    R       2.0   +16.68 [ +8.39,+25.13]      0.00  1.33e+13
swap_unit        early_L3_8       J       1.0    +0.56 [ +0.40, +0.73]      0.00      30.5
swap_unit        early_L3_8       J       2.0    +4.55 [ +2.80, +6.39]      0.00  6.37e+05
swap_unit        early_L3_8       R       1.0    +0.72 [ +0.51, +0.93]      0.03      34.4
swap_unit        early_L3_8       R       2.0    +3.00 [ +1.03, +5.06]      0.03  6.38e+05
swap_shuffled    primary_L8_20    J       1.0    +0.08 [ -0.02, +0.23]      0.01       203
swap_shuffled    primary_L8_20    J       2.0    +6.84 [ +5.46, +8.28]      0.00  4.33e+12
swap_shuffled    primary_L8_20    R       1.0    +0.08 [ -0.03, +0.23]      0.01       164
swap_shuffled    primary_L8_20    R       2.0    +7.11 [ +5.69, +8.61]      0.00  4.59e+12
swap_shuffled    early_L3_8       J       1.0    +0.02 [ -0.01, +0.06]      0.00      25.1
swap_shuffled    early_L3_8       J       2.0    +5.75 [ +4.83, +6.65]      0.02  4.66e+05
swap_shuffled    early_L3_8       R       1.0    +0.04 [ -0.01, +0.09]      0.00      23.1
swap_shuffled    early_L3_8       R       2.0    +4.88 [ +4.17, +5.62]      0.01  3.04e+05
swap_gauss       primary_L8_20    J       1.0    -0.04 [ -0.11, +0.04]      0.00       327
swap_gauss       primary_L8_20    J       2.0    +0.01 [ -0.13, +0.15]      0.00  1.32e+03
swap_gauss       primary_L8_20    R       1.0    -0.03 [ -0.09, +0.04]      0.00       328
swap_gauss       primary_L8_20    R       2.0    +0.01 [ -0.12, +0.15]      0.00  1.32e+03
swap_gauss       early_L3_8       J       1.0    -0.04 [ -0.11, +0.03]      0.00      52.4
swap_gauss       early_L3_8       J       2.0    -0.04 [ -0.17, +0.09]      0.00       206
swap_gauss       early_L3_8       R       1.0    -0.04 [ -0.11, +0.03]      0.00      52.8
swap_gauss       early_L3_8       R       2.0    -0.04 [ -0.18, +0.09]      0.00       207
swap_foil        primary_L8_20    J       1.0    +1.27 [ +0.88, +1.69]      0.07       444
swap_foil        primary_L8_20    J       2.0   +12.16 [ +6.67,+17.99]      0.00  1.54e+13
swap_foil        primary_L8_20    R       1.0    +1.19 [ +0.82, +1.58]      0.07       325
swap_foil        primary_L8_20    R       2.0   +12.87 [ +7.22,+18.71]      0.00  1.97e+13
swap_foil        early_L3_8       J       1.0    +0.25 [ +0.16, +0.36]      0.00      30.4
swap_foil        early_L3_8       J       2.0    +5.18 [ +3.85, +6.66]      0.00  6.42e+05
swap_foil        early_L3_8       R       1.0    +0.36 [ +0.22, +0.50]      0.00      36.7
swap_foil        early_L3_8       R       2.0    +4.50 [ +2.81, +6.37]      0.02  7.95e+05
ablate_src       primary_L8_20    J         -    +1.33 [ +0.97, +1.71]      0.05      34.1
ablate_src       primary_L8_20    R         -    +1.25 [ +0.91, +1.63]      0.03      36.9
ablate_src       early_L3_8       J         -    +0.43 [ +0.31, +0.55]      0.02      5.26
ablate_src       early_L3_8       R         -    +0.68 [ +0.49, +0.88]      0.02      6.17

=== paired contrasts (cluster bootstrap, 10k) ===
R-J | swap_raw | primary_L8_20 | a=0.5               n=59 mean= -0.012 [ -0.093, +0.066] med= -0.000 win=0.41
R-J | swap_raw | primary_L8_20 | a=1.0               n=59 mean= -0.093 [ -0.201, +0.009] med= -0.062 win=0.42
R-J | swap_raw | primary_L8_20 | a=2.0               n=59 mean= -0.298 [ -5.903, +4.191] med= +0.375 win=0.66
J swap - shuffled | primary_L8_20 | a=1.0            n=59 mean= +2.385 [ +1.695, +3.133] med= +1.583 win=0.92
J swap - ablate_src | primary_L8_20 | a=1.0          n=59 mean= +1.140 [ +0.467, +1.848] med= +0.562 win=0.64
J swap - foil | primary_L8_20 | a=1.0                n=42 mean= +1.551 [ +0.748, +2.447] med= +0.781 win=0.81
J unit - raw | primary_L8_20 | a=1.0                 n=59 mean= -0.002 [ -0.036, +0.030] med= +0.000 win=0.37
R swap - shuffled | primary_L8_20 | a=1.0            n=59 mean= +2.295 [ +1.646, +2.995] med= +1.542 win=0.90
R swap - ablate_src | primary_L8_20 | a=1.0          n=59 mean= +1.129 [ +0.461, +1.825] med= +0.688 win=0.64
R swap - foil | primary_L8_20 | a=1.0                n=42 mean= +1.501 [ +0.717, +2.379] med= +0.688 win=0.74
R unit - raw | primary_L8_20 | a=1.0                 n=59 mean= -0.006 [ -0.041, +0.025] med= +0.000 win=0.36
R-J | swap_raw | early_L3_8 | a=0.5                  n=59 mean= +0.188 [ +0.112, +0.273] med= +0.063 win=0.69
R-J | swap_raw | early_L3_8 | a=1.0                  n=59 mean= +0.138 [ -0.017, +0.278] med= +0.187 win=0.68
R-J | swap_raw | early_L3_8 | a=2.0                  n=59 mean= -1.426 [ -3.777, +0.812] med= -0.734 win=0.46
J swap - shuffled | early_L3_8 | a=1.0               n=59 mean= +0.538 [ +0.393, +0.691] med= +0.438 win=0.88
J swap - ablate_src | early_L3_8 | a=1.0             n=59 mean= +0.129 [ -0.035, +0.297] med= +0.062 win=0.63
J swap - foil | early_L3_8 | a=1.0                   n=42 mean= +0.286 [ +0.129, +0.453] med= +0.172 win=0.64
J unit - raw | early_L3_8 | a=1.0                    n=59 mean= +0.000 [ -0.023, +0.022] med= +0.000 win=0.37
R swap - shuffled | early_L3_8 | a=1.0               n=59 mean= +0.661 [ +0.464, +0.858] med= +0.542 win=0.78
R swap - ablate_src | early_L3_8 | a=1.0             n=59 mean= +0.019 [ -0.243, +0.277] med= +0.000 win=0.49
R swap - foil | early_L3_8 | a=1.0                   n=42 mean= +0.295 [ +0.090, +0.515] med= +0.188 win=0.64
R unit - raw | early_L3_8 | a=1.0                    n=59 mean= +0.019 [ -0.014, +0.051] med= +0.000 win=0.41
R-J | swap_unit | primary_L8_20 | a=1.0              n=59 mean= -0.097 [ -0.205, +0.004] med= -0.062 win=0.46
R-J | swap_unit | primary_L8_20 | a=2.0              n=59 mean= +1.147 [ -5.200, +6.903] med= +0.656 win=0.66

=== single-layer swap profile (alpha=1, all positions) ===
  L     J ΔM     R ΔM      R-J  J top1sw  R top1sw      J E      R E
  2    +0.00    +0.06   +0.091      0.00      0.00     1.37     1.02
  3    +0.12    +0.19   +0.185      0.00      0.00      2.5     3.49
  4    +0.12    +0.25   +0.216      0.00      0.00     2.99     3.87
  5    +0.12    +0.31   +0.373      0.00      0.02     4.37     5.86
  6    +0.47    +0.75   +0.264      0.10      0.10     20.4     16.2
  7    +0.62    +0.94   +0.013      0.12      0.14     20.4       20
  8    +1.00    +1.19   -0.196      0.19      0.15     27.3     26.7
  9    +1.88    +1.50   -0.472      0.24      0.20     36.7     34.8
 10    +2.38    +1.75   -0.639      0.22      0.20     42.3     39.9
 11    +2.25    +1.88   -0.676      0.25      0.17     41.7       39
 12    +2.31    +1.62   -0.755      0.25      0.15     42.8     36.5
 13    +1.88    +1.62   -0.790      0.22      0.17     44.3       34
 14    +1.88    +1.56   -0.831      0.24      0.15     46.1     37.1
 15    +1.69    +1.62   -0.673      0.19      0.14     47.7     38.5
 16    +1.56    +1.41   -0.636      0.17      0.15     58.1     47.6
 17    +1.44    +1.25   -0.460      0.15      0.14     66.5     54.9
 18    +1.19    +1.31   -0.299      0.17      0.12     98.1     88.3
 19    +1.25    +1.12   -0.138      0.12      0.14      136      125
 20    +0.88    +1.06   -0.043      0.08      0.07      157      161
 21    +1.00    +0.94   -0.036      0.10      0.08      219      207
 22    +0.94    +0.94   +0.053      0.14      0.10      257      260
 23    +1.44    +1.44   +0.015      0.08      0.10      351      362
 24    +1.69    +1.62   +0.005      0.12      0.12      653      696

=== position sensitivity (primary band, alpha=1) ===
all    J  ΔM=  +2.47 [ +1.76, +3.23] top1sw=0.10 E=      367
all    R  ΔM=  +2.38 [ +1.70, +3.09] top1sw=0.08 E=      288
last3  J  ΔM=  +1.06 [ +0.77, +1.36] top1sw=0.03 E=     46.4
last3  R  ΔM=  +1.01 [ +0.73, +1.30] top1sw=0.02 E=     37.1
last5  J  ΔM=  +1.98 [ +1.31, +2.70] top1sw=0.12 E=     91.6
last5  R  ΔM=  +1.94 [ +1.30, +2.64] top1sw=0.08 E=     87.1

=== pre-registered stop rule ===
{
 "rule": {
  "band": "primary_L8_20",
  "alpha": 2.0,
  "min_top1_swap_rate": 0.15,
  "min_median_delta_margin": 1.0
 },
 "verdict": {
  "J": {
   "top1_swap_rate": 0.0,
   "median_delta_margin": 10.390625,
   "passes": false
  },
  "R": {
   "top1_swap_rate": 0.0,
   "median_delta_margin": 12.578125,
   "passes": false
  }
 },
 "any_pass": false
}

wrote /root/autodl-tmp/mats-r-lens/work/results/block02/analysis_report.json
