Loading weights:   0%|          | 0/760 [00:00<?, ?it/s]Loading weights: 100%|██████████| 760/760 [00:00<00:00, 12640.26it/s]

=== A. lens readout of the intervention direction (v_t - v_s): median rank over items ===
lens    L   swap_to  intermed  swap_ans   answer   %swap_ans<=100
J       3        15    248307     11323   225925             0.08
J       5        36    248300     14142   227066             0.07
J       6         1    248320      2704   245938             0.27
J       8         1    248320      2067   247050             0.31
J      10         1    248320      1360   247730             0.31
J      12         1    248320      1500   247813             0.32
J      14         1    248320      1210   247913             0.32
J      16         1    248320       724   248082             0.34
J      18         1    248320       455   248142             0.34
J      20         1    248320       443   248146             0.34
J      24         1    248320       303   248143             0.32
R       3        45    248309      9431   245992             0.19
R       5        24    248317      6891   246567             0.19
R       6         3    248320      1688   247944             0.31
R       8         1    248320      1004   247913             0.34
R      10         1    248320       980   248063             0.34
R      12         1    248320       839   248136             0.34
R      14         1    248320       819   248150             0.34
R      16         1    248320       520   248182             0.37
R      18         1    248320       373   248153             0.39
R      20         1    248320       331   248160             0.34
R      24         1    248320       473   248159             0.32

=== B. spectra of the transport matrices ===
  L  J eff_rank  R eff_rank  J top1share  R top1share  J s1/s10  R s1/s10
  3       182.0       259.1       0.0465       0.0584      1.56      2.18
  5       162.5       320.2       0.0426       0.0510      1.42      2.18
  6       374.0       633.3       0.0345       0.0475      1.95      2.57
  8       456.5       806.8       0.0297       0.0363      1.93      2.43
 10       558.0       984.5       0.0227       0.0299      1.81      2.47
 12       725.1      1220.2       0.0205       0.0271      1.82      2.58
 14       889.2      1420.3       0.0196       0.0253      1.85      2.61
 16      1176.9      1769.7       0.0177       0.0230      2.03      2.94
 18      1778.0      2233.8       0.0148       0.0164      2.42      2.79
 20      2574.6      2938.7       0.0109       0.0127      2.75      3.33
 24      3270.9      3471.7       0.0075       0.0074      3.05      3.22
[decomp] 1/59
[decomp] 11/59
[decomp] 21/59
[decomp] 31/59
[decomp] 41/59
[decomp] 51/59

[explore] done
