Loading weights:   0%|          | 0/760 [00:00<?, ?it/s]Loading weights: 100%|██████████| 760/760 [00:00<00:00, 11781.58it/s]
[probe] 1/59 amazon-language
[probe] 2/59 animal-cover-turtle
[probe] 3/59 animal-nose-elephant
[probe] 4/59 birthstone-emerald-month
[probe] 5/59 chem-atmosphere-Z
[probe] 6/59 chem-organic-Z
[probe] 7/59 chem-photosynthesis-Z
[probe] 8/59 christmas-season
[probe] 9/59 city-state-Philadelphia
[probe] 10/59 element-color-gold2
[probe] 11/59 etym-frigg-position
[probe] 12/59 ex-city-capital-Barcelona-Toronto
[probe] 13/59 ex-city-capital-Lyon-Naples
[probe] 14/59 ex-city-capital-Naples-Barcelona
[probe] 15/59 ex-city-capital-Toronto-Lyon
[probe] 16/59 ex-city-continent-Toronto-Lyon
[probe] 17/59 ex-city-currency-Toronto-Beijing
[probe] 18/59 ex-city-language-Lyon-Naples
[probe] 19/59 ex-element-state-26-8
[probe] 20/59 ex-element-state-26-80
[probe] 21/59 ex-element-symbol-11-26
[probe] 22/59 ex-element-symbol-26-79
[probe] 23/59 ex-planet-color-third-fourth
[probe] 24/59 ex2-city-capital-Munich
[probe] 25/59 ex2-city-capital-Osaka
[probe] 26/59 ex2-city-continent-Lima
[probe] 27/59 ex2-city-continent-Sydney
[probe] 28/59 ex2-city-language-Cairo
[probe] 29/59 ex2-city-language-Moscow
[probe] 30/59 ex2-language-capital-Greek
[probe] 31/59 ex2-language-capital-Hungarian
[probe] 32/59 ex2-language-capital-Polish
[probe] 33/59 ex2-language-capital-Swedish
[probe] 34/59 ex2-river-capital-Thames
[probe] 35/59 food-animal-butter
[probe] 36/59 fruit-grows-grape
[probe] 37/59 func-filters-count
[probe] 38/59 func-pumps-chambers
[probe] 39/59 gem-color-ruby
[probe] 40/59 greatwall-ocean
[probe] 41/59 holiday-month-christmas2
[probe] 42/59 month-3-godof
[probe] 43/59 organ-count-kidney2
[probe] 44/59 paper-continent
[probe] 45/59 person-country-napoleon
[probe] 46/59 person-firstname-darwin
[probe] 47/59 person-firstname-einstein
[probe] 48/59 person-firstname-mozart
[probe] 49/59 person-firstname-newton
[probe] 50/59 person-firstname-shakespeare
[probe] 51/59 planet-3-moons
[probe] 52/59 planet-rings-saturn2
[probe] 53/59 season-next-winter
[probe] 54/59 spaceneedle-border
[probe] 55/59 spider-legs
[probe] 56/59 super-populous-capital
[probe] 57/59 super-smallest-continent
[probe] 58/59 vehicle-power-bicycle
[probe] 59/59 violin-strings
[block26] done
exit=0
