### q67_why_plane_ignored.py
Loading weights:   0%|          | 0/760 [00:00<?, ?it/s]Loading weights: 100%|██████████| 760/760 [00:00<00:00, 11893.10it/s]
[q67] 1/59 pred {'clamp2d@4': 32.4028457403183, 'orth@0.1': 0.4218165669590235, 'full@0.25': 3.7587153911590576}
[q67] 11/59 pred {'clamp2d@4': 0.21710426220670342, 'orth@0.1': -0.05594194168224931, 'full@0.25': -0.11236837692558765}
[q67] 21/59 pred {'clamp2d@4': 49.27636432647705, 'orth@0.1': 3.5443185567855835, 'full@0.25': 12.169142544269562}
[q67] 31/59 pred {'clamp2d@4': 21.796887040138245, 'orth@0.1': 1.3214862123131752, 'full@0.25': 5.050225168466568}
[q67] 41/59 pred {'clamp2d@4': 25.87346762418747, 'orth@0.1': -0.04811690002679825, 'full@0.25': 0.9703611619770527}
[q67] 51/59 pred {'clamp2d@4': 5.08425472676754, 'orth@0.1': 2.7384633272886276, 'full@0.25': 7.486828401684761}
[block63] done
EXIT_q67_why_plane_ignored.py=0
### q68_propagation.py
Loading weights:   0%|          | 0/760 [00:00<?, ?it/s]Loading weights: 100%|██████████| 760/760 [00:00<00:00, 12276.94it/s]
[q68] 1/59
[q68] 11/59
[q68] 21/59
[q68] 31/59
[q68] 41/59
[q68] 51/59
[block64] done
EXIT_q68_propagation.py=0
### q66 4b
Loading weights:   0%|          | 0/723 [00:00<?, ?it/s]Loading weights: 100%|██████████| 723/723 [00:00<00:00, 11980.13it/s]
[q66] 1/52
[q66] 11/52
[q66] 21/52
[q66] 31/52
[q66] 41/52
[block65] done
EXIT_q66_4b=0
ALLDONE
