### q67_why_plane_ignored.py 4b
Loading weights:   0%|          | 0/723 [00:00<?, ?it/s]Loading weights: 100%|██████████| 723/723 [00:00<00:00, 12413.45it/s]
[q67] attention layers read: (19, 23, 27, 31)
[q67] 1/52 pred {'clamp2d@4': 60.44341468811035, 'orth@0.1': 0.2420829078182578, 'full@0.25': 4.006547749042511}
[q67] 11/52 pred {'clamp2d@4': 64.32215404510498, 'orth@0.1': 0.208292068913579, 'full@0.25': 7.927390962839127}
[q67] 21/52 pred {'clamp2d@4': 159.1813325881958, 'orth@0.1': -4.003554508090019, 'full@0.25': -2.5159827545285225}
[q67] 31/52 pred {'clamp2d@4': -13.955997288227081, 'orth@0.1': -1.981327237561345, 'full@0.25': -0.9618238732218742}
[q67] 41/52 pred {'clamp2d@4': 2.550453756004572, 'orth@0.1': 3.526426188647747, 'full@0.25': 10.825918585062027}
[block67] done
EXIT_q67_why_plane_ignored.py=0
### q68_propagation.py 4b
Loading weights:   0%|          | 0/723 [00:00<?, ?it/s]Loading weights: 100%|██████████| 723/723 [00:00<00:00, 12546.42it/s]
[q68] 1/52
[q68] 11/52
[q68] 21/52
[q68] 31/52
[q68] 41/52
[block68] done
EXIT_q68_propagation.py=0
ALLDONE
