Loading weights:   0%|          | 0/760 [00:00<?, ?it/s]Loading weights: 100%|██████████| 760/760 [00:00<00:00, 12678.47it/s]
[semantic] 1/59 amazon-language
[semantic] 2/59 animal-cover-turtle
[semantic] 3/59 animal-nose-elephant
[semantic] 4/59 birthstone-emerald-month
[semantic] 5/59 chem-atmosphere-Z
[semantic] 6/59 chem-organic-Z
[semantic] 7/59 chem-photosynthesis-Z
[semantic] 8/59 christmas-season
[semantic] 9/59 city-state-Philadelphia
[semantic] 10/59 element-color-gold2
[semantic] 11/59 etym-frigg-position
[semantic] 12/59 ex-city-capital-Barcelona-Toronto
[semantic] 13/59 ex-city-capital-Lyon-Naples
[semantic] 14/59 ex-city-capital-Naples-Barcelona
[semantic] 15/59 ex-city-capital-Toronto-Lyon
[semantic] 16/59 ex-city-continent-Toronto-Lyon
[semantic] 17/59 ex-city-currency-Toronto-Beijing
[semantic] 18/59 ex-city-language-Lyon-Naples
[semantic] 19/59 ex-element-state-26-8
[semantic] 20/59 ex-element-state-26-80
[semantic] 21/59 ex-element-symbol-11-26
[semantic] 22/59 ex-element-symbol-26-79
[semantic] 23/59 ex-planet-color-third-fourth
[semantic] 24/59 ex2-city-capital-Munich
[semantic] 25/59 ex2-city-capital-Osaka
[semantic] 26/59 ex2-city-continent-Lima
[semantic] 27/59 ex2-city-continent-Sydney
[semantic] 28/59 ex2-city-language-Cairo
[semantic] 29/59 ex2-city-language-Moscow
[semantic] 30/59 ex2-language-capital-Greek
[semantic] 31/59 ex2-language-capital-Hungarian
[semantic] 32/59 ex2-language-capital-Polish
[semantic] 33/59 ex2-language-capital-Swedish
[semantic] 34/59 ex2-river-capital-Thames
[semantic] 35/59 food-animal-butter
[semantic] 36/59 fruit-grows-grape
[semantic] 37/59 func-filters-count
[semantic] 38/59 func-pumps-chambers
[semantic] 39/59 gem-color-ruby
[semantic] 40/59 greatwall-ocean
[semantic] 41/59 holiday-month-christmas2
[semantic] 42/59 month-3-godof
[semantic] 43/59 organ-count-kidney2
[semantic] 44/59 paper-continent
[semantic] 45/59 person-country-napoleon
[semantic] 46/59 person-firstname-darwin
[semantic] 47/59 person-firstname-einstein
[semantic] 48/59 person-firstname-mozart
[semantic] 49/59 person-firstname-newton
[semantic] 50/59 person-firstname-shakespeare
[semantic] 51/59 planet-3-moons
[semantic] 52/59 planet-rings-saturn2
[semantic] 53/59 season-next-winter
[semantic] 54/59 spaceneedle-border
[semantic] 55/59 spider-legs
[semantic] 56/59 super-populous-capital
[semantic] 57/59 super-smallest-continent
[semantic] 58/59 vehicle-power-bicycle
[semantic] 59/59 violin-strings
[block23] done
