Loading weights:   0%|          | 0/723 [00:00<?, ?it/s]Loading weights: 100%|██████████| 723/723 [00:00<00:00, 10443.19it/s]
[q51] L8 singular values: top 5.64, #16 3.54, #256 0.959, #1024 0.1329, last 1.63e-06
[q51] L9 singular values: top 5.74, #16 3.55, #256 1.099, #1024 0.1427, last 1.72e-05
[q51] L10 singular values: top 5.61, #16 3.56, #256 1.204, #1024 0.1569, last 3.24e-07
[q51] L11 singular values: top 5.93, #16 3.60, #256 1.375, #1024 0.1929, last 6.69e-06
[q51] L12 singular values: top 6.11, #16 3.60, #256 1.470, #1024 0.2431, last 2.10e-05
[q51] L13 singular values: top 6.15, #16 3.74, #256 1.565, #1024 0.3008, last 2.31e-05
[q51] L14 singular values: top 6.26, #16 3.68, #256 1.631, #1024 0.3554, last 3.64e-05
[q51] L15 singular values: top 6.77, #16 3.85, #256 1.700, #1024 0.4189, last 2.41e-05
[q51] L16 singular values: top 6.42, #16 3.61, #256 1.726, #1024 0.4965, last 2.86e-05
[q51] L17 singular values: top 6.28, #16 3.52, #256 1.805, #1024 0.6030, last 1.81e-04
[q51] L18 singular values: top 6.06, #16 2.95, #256 1.739, #1024 0.7033, last 2.38e-04
[q51] L19 singular values: top 5.60, #16 2.52, #256 1.579, #1024 0.8238, last 2.99e-04
[q51] L20 singular values: top 5.50, #16 2.41, #256 1.638, #1024 0.9365, last 1.33e-03
[q51] 1/52
[q51] 11/52
[q51] 21/52
[q51] 31/52
[q51] 41/52
[block46] done
exit=0
